Performing C SOURCE FILE Test CMAKE_HAVE_LIBC_PTHREAD failed with the following output:
Change Dir: G:/自学作业项目/games101/mySolution/Assignment7/cmake-build-debug/CMakeFiles/CMakeTmp

Run Build Command(s):G:/softwareDeveloper/Clion/CLion 2022.3/bin/mingw/bin/mingw32-make.exe -f Makefile cmTC_f66e5/fast && G:/softwareDeveloper/Clion/CLion 2022.3/bin/mingw/bin/mingw32-make.exe  -f CMakeFiles\cmTC_f66e5.dir\build.make CMakeFiles/cmTC_f66e5.dir/build
mingw32-make[1]: Entering directory 'G:/自学作业项目/games101/mySolution/Assignment7/cmake-build-debug/CMakeFiles/CMakeTmp'
Building C object CMakeFiles/cmTC_f66e5.dir/src.c.obj
"G:\softwareDeveloper\Clion\CLion 2022.3\bin\mingw\bin\gcc.exe" -DCMAKE_HAVE_LIBC_PTHREAD  -fdiagnostics-color=always -o CMakeFiles\cmTC_f66e5.dir\src.c.obj -c G:\鑷浣滀笟椤圭洰\games101\mySolution\Assignment7\cmake-build-debug\CMakeFiles\CMakeTmp\src.c
[01m[Kcc1.exe:[m[K [01;31m[Kfatal error: [m[KG:\鑷浣滀笟椤圭洰\games101\mySolution\Assignment7\cmake-build-debug\CMakeFiles\CMakeTmp\src.c: No such file or directory
compilation terminated.
mingw32-make[1]: *** [CMakeFiles\cmTC_f66e5.dir\build.make:77: CMakeFiles/cmTC_f66e5.dir/src.c.obj] Error 1
mingw32-make[1]: Leaving directory 'G:/自学作业项目/games101/mySolution/Assignment7/cmake-build-debug/CMakeFiles/CMakeTmp'
mingw32-make: *** [Makefile:126: cmTC_f66e5/fast] Error 2


Source file was:
#include <pthread.h>

static void* test_func(void* data)
{
  return data;
}

int main(void)
{
  pthread_t thread;
  pthread_create(&thread, NULL, test_func, NULL);
  pthread_detach(thread);
  pthread_cancel(thread);
  pthread_join(thread, NULL);
  pthread_atfork(NULL, NULL, NULL);
  pthread_exit(NULL);

  return 0;
}

Determining if the function pthread_create exists in the pthreads failed with the following output:
Change Dir: G:/自学作业项目/games101/mySolution/Assignment7/cmake-build-debug/CMakeFiles/CMakeTmp

Run Build Command(s):G:/softwareDeveloper/Clion/CLion 2022.3/bin/mingw/bin/mingw32-make.exe -f Makefile cmTC_555a7/fast && G:/softwareDeveloper/Clion/CLion 2022.3/bin/mingw/bin/mingw32-make.exe  -f CMakeFiles\cmTC_555a7.dir\build.make CMakeFiles/cmTC_555a7.dir/build
mingw32-make[1]: Entering directory 'G:/自学作业项目/games101/mySolution/Assignment7/cmake-build-debug/CMakeFiles/CMakeTmp'
Building C object CMakeFiles/cmTC_555a7.dir/CheckFunctionExists.c.obj
"G:\softwareDeveloper\Clion\CLion 2022.3\bin\mingw\bin\gcc.exe"   -DCHECK_FUNCTION_EXISTS=pthread_create -fdiagnostics-color=always -o CMakeFiles\cmTC_555a7.dir\CheckFunctionExists.c.obj -c "G:\softwareDeveloper\Clion\CLion 2022.3\bin\cmake\win\share\cmake-3.24\Modules\CheckFunctionExists.c"
Linking C executable cmTC_555a7.exe
"G:\softwareDeveloper\Clion\CLion 2022.3\bin\cmake\win\bin\cmake.exe" -E cmake_link_script CMakeFiles\cmTC_555a7.dir\link.txt --verbose=1
"G:\softwareDeveloper\Clion\CLion 2022.3\bin\cmake\win\bin\cmake.exe" -E rm -f CMakeFiles\cmTC_555a7.dir/objects.a
"G:\softwareDeveloper\Clion\CLion 2022.3\bin\mingw\bin\ar.exe" qc CMakeFiles\cmTC_555a7.dir/objects.a @CMakeFiles\cmTC_555a7.dir\objects1.rsp
"G:\softwareDeveloper\Clion\CLion 2022.3\bin\mingw\bin\gcc.exe"  -DCHECK_FUNCTION_EXISTS=pthread_create -Wl,--whole-archive CMakeFiles\cmTC_555a7.dir/objects.a -Wl,--no-whole-archive -o cmTC_555a7.exe -Wl,--out-implib,libcmTC_555a7.dll.a -Wl,--major-image-version,0,--minor-image-version,0 @CMakeFiles\cmTC_555a7.dir\linklibs.rsp
G:\softwareDeveloper\Clion\CLion 2022.3\bin\mingw\bin/ld.exe: cannot find -lpthreads
collect2.exe: error: ld returned 1 exit status
mingw32-make[1]: *** [CMakeFiles\cmTC_555a7.dir\build.make:100: cmTC_555a7.exe] Error 1
mingw32-make[1]: Leaving directory 'G:/自学作业项目/games101/mySolution/Assignment7/cmake-build-debug/CMakeFiles/CMakeTmp'
mingw32-make: *** [Makefile:126: cmTC_555a7/fast] Error 2



